---
source: crates/core/tests/corpus.rs
expression: replay(&fixture)
---
--- request ---
{
  "model": "claude-sonnet-4",
  "input": [
    {
      "type": "message",
      "role": "user",
      "content": [
        {
          "type": "input_text",
          "text": "Read the invoice and reply with only the code it contains, verbatim."
        }
      ]
    },
    {
      "type": "function_call",
      "call_id": "toolu_read_2",
      "name": "Read",
      "arguments": "{\"file_path\":\"/tmp/invoice.pdf\"}"
    },
    {
      "type": "function_call_output",
      "call_id": "toolu_read_2",
      "output": "Read invoice.pdf"
    },
    {
      "type": "message",
      "role": "user",
      "content": [
        {
          "type": "input_file",
          "filename": "attachment.pdf",
          "file_data": "data:application/pdf;base64,JVBERi0xLjQKMSAwIG9iago8PCAvVHlwZSAvQ2F0YWxvZyAvUGFnZXMgMiAwIFIgPj4KZW5kb2JqCjIgMCBvYmoKPDwgL1R5cGUgL1BhZ2VzIC9LaWRzIFszIDAgUl0gL0NvdW50IDEgPj4KZW5kb2JqCjMgMCBvYmoKPDwgL1R5cGUgL1BhZ2UgL1BhcmVudCAyIDAgUiAvTWVkaWFCb3ggWzAgMCA0MjAgNjAwXSAvUmVzb3VyY2VzIDw8IC9Gb250IDw8IC9GMSA1IDAgUiA+PiA+PiAvQ29udGVudHMgNCAwIFIgPj4KZW5kb2JqCjQgMCBvYmoKPDwgL0xlbmd0aCAzNyA+PgpzdHJlYW0KQlQgL0YxIDM2IFRmIDYwIDUwMCBUZCAoVjJNOVFaKSBUaiBFVAplbmRzdHJlYW0KZW5kb2JqCjUgMCBvYmoKPDwgL1R5cGUgL0ZvbnQgL1N1YnR5cGUgL1R5cGUxIC9CYXNlRm9udCAvSGVsdmV0aWNhID4+CmVuZG9iagp4cmVmCjAgNgowMDAwMDAwMDAwIDY1NTM1IGYgCjAwMDAwMDAwMDkgMDAwMDAgbiAKMDAwMDAwMDA1OCAwMDAwMCBuIAowMDAwMDAwMTE1IDAwMDAwIG4gCjAwMDAwMDAyNDEgMDAwMDAgbiAKMDAwMDAwMDMyOCAwMDAwMCBuIAp0cmFpbGVyCjw8IC9TaXplIDYgL1Jvb3QgMSAwIFIgPj4Kc3RhcnR4cmVmCjM5OAolJUVPRgo="
        }
      ]
    }
  ],
  "reasoning": {
    "summary": "auto"
  },
  "include": [
    "reasoning.encrypted_content"
  ],
  "parallel_tool_calls": true,
  "store": false,
  "stream": true,
  "prompt_cache_key": "fixture-read-document"
}

--- frames ---
{"type":"message_start","message":{"id":"msg_read-document","type":"message","role":"assistant","model":"claude-sonnet-4","content":[],"stop_reason":null,"stop_sequence":null,"usage":{"input_tokens":100,"output_tokens":0,"cache_creation_input_tokens":0,"cache_read_input_tokens":0}}}
{"type":"content_block_start","index":0,"content_block":{"type":"text","text":""}}
{"type":"content_block_delta","index":0,"delta":{"type":"text_delta","text":"The invoice reference is V2M9QZ."}}
{"type":"content_block_stop","index":0}
{"type":"message_delta","delta":{"stop_reason":"end_turn","stop_sequence":null},"usage":{"input_tokens":2100,"output_tokens":10,"cache_creation_input_tokens":0,"cache_read_input_tokens":0}}
{"type":"message_stop"}
